Point A = Intersect[xAxis, yAxis] == 0.0 -0.0
Point B = 1 1 1
Line a = Line[A, B] == -1 1 0.0
